Archive member included to satisfy reference by file (symbol)

c:/mounri~1/mounri~1/toolch~1/risc-v~1/bin/../lib/gcc/riscv-none-embed/8.2.0/../../../../riscv-none-embed/lib/rv32imacxw/ilp32\libg_nano.a(lib_a-printf.o)
                              CMakeFiles/CH32V307.elf.dir/Peripheral/src/ch32v30x_eth.c.obj (printf)
c:/mounri~1/mounri~1/toolch~1/risc-v~1/bin/../lib/gcc/riscv-none-embed/8.2.0/../../../../riscv-none-embed/lib/rv32imacxw/ilp32\libg_nano.a(lib_a-putchar.o)
                              CMakeFiles/CH32V307.elf.dir/midware/self_check.c.obj (putchar)
c:/mounri~1/mounri~1/toolch~1/risc-v~1/bin/../lib/gcc/riscv-none-embed/8.2.0/../../../../riscv-none-embed/lib/rv32imacxw/ilp32\libg_nano.a(lib_a-puts.o)
                              CMakeFiles/CH32V307.elf.dir/User/ch32v30x_it.c.obj (puts)
c:/mounri~1/mounri~1/toolch~1/risc-v~1/bin/../lib/gcc/riscv-none-embed/8.2.0/../../../../riscv-none-embed/lib/rv32imacxw/ilp32\libg_nano.a(lib_a-wbuf.o)
                              c:/mounri~1/mounri~1/toolch~1/risc-v~1/bin/../lib/gcc/riscv-none-embed/8.2.0/../../../../riscv-none-embed/lib/rv32imacxw/ilp32\libg_nano.a(lib_a-puts.o) (__swbuf_r)
c:/mounri~1/mounri~1/toolch~1/risc-v~1/bin/../lib/gcc/riscv-none-embed/8.2.0/../../../../riscv-none-embed/lib/rv32imacxw/ilp32\libg_nano.a(lib_a-wsetup.o)
                              c:/mounri~1/mounri~1/toolch~1/risc-v~1/bin/../lib/gcc/riscv-none-embed/8.2.0/../../../../riscv-none-embed/lib/rv32imacxw/ilp32\libg_nano.a(lib_a-puts.o) (__swsetup_r)
c:/mounri~1/mounri~1/toolch~1/risc-v~1/bin/../lib/gcc/riscv-none-embed/8.2.0/../../../../riscv-none-embed/lib/rv32imacxw/ilp32\libg_nano.a(lib_a-fflush.o)
                              c:/mounri~1/mounri~1/toolch~1/risc-v~1/bin/../lib/gcc/riscv-none-embed/8.2.0/../../../../riscv-none-embed/lib/rv32imacxw/ilp32\libg_nano.a(lib_a-wbuf.o) (_fflush_r)
c:/mounri~1/mounri~1/toolch~1/risc-v~1/bin/../lib/gcc/riscv-none-embed/8.2.0/../../../../riscv-none-embed/lib/rv32imacxw/ilp32\libg_nano.a(lib_a-findfp.o)
                              c:/mounri~1/mounri~1/toolch~1/risc-v~1/bin/../lib/gcc/riscv-none-embed/8.2.0/../../../../riscv-none-embed/lib/rv32imacxw/ilp32\libg_nano.a(lib_a-printf.o) (__sinit)
c:/mounri~1/mounri~1/toolch~1/risc-v~1/bin/../lib/gcc/riscv-none-embed/8.2.0/../../../../riscv-none-embed/lib/rv32imacxw/ilp32\libg_nano.a(lib_a-fwalk.o)
                              c:/mounri~1/mounri~1/toolch~1/risc-v~1/bin/../lib/gcc/riscv-none-embed/8.2.0/../../../../riscv-none-embed/lib/rv32imacxw/ilp32\libg_nano.a(lib_a-findfp.o) (_fwalk)
c:/mounri~1/mounri~1/toolch~1/risc-v~1/bin/../lib/gcc/riscv-none-embed/8.2.0/../../../../riscv-none-embed/lib/rv32imacxw/ilp32\libg_nano.a(lib_a-impure.o)
                              c:/mounri~1/mounri~1/toolch~1/risc-v~1/bin/../lib/gcc/riscv-none-embed/8.2.0/../../../../riscv-none-embed/lib/rv32imacxw/ilp32\libg_nano.a(lib_a-fflush.o) (_global_impure_ptr)
c:/mounri~1/mounri~1/toolch~1/risc-v~1/bin/../lib/gcc/riscv-none-embed/8.2.0/../../../../riscv-none-embed/lib/rv32imacxw/ilp32\libg_nano.a(lib_a-makebuf.o)
                              c:/mounri~1/mounri~1/toolch~1/risc-v~1/bin/../lib/gcc/riscv-none-embed/8.2.0/../../../../riscv-none-embed/lib/rv32imacxw/ilp32\libg_nano.a(lib_a-wsetup.o) (__smakebuf_r)
c:/mounri~1/mounri~1/toolch~1/risc-v~1/bin/../lib/gcc/riscv-none-embed/8.2.0/../../../../riscv-none-embed/lib/rv32imacxw/ilp32\libg_nano.a(lib_a-memset.o)
                              c:/mounri~1/mounri~1/toolch~1/risc-v~1/bin/../lib/gcc/riscv-none-embed/8.2.0/../../../../riscv-none-embed/lib/rv32imacxw/ilp32\libg_nano.a(lib_a-findfp.o) (memset)
c:/mounri~1/mounri~1/toolch~1/risc-v~1/bin/../lib/gcc/riscv-none-embed/8.2.0/../../../../riscv-none-embed/lib/rv32imacxw/ilp32\libg_nano.a(lib_a-nano-freer.o)
                              c:/mounri~1/mounri~1/toolch~1/risc-v~1/bin/../lib/gcc/riscv-none-embed/8.2.0/../../../../riscv-none-embed/lib/rv32imacxw/ilp32\libg_nano.a(lib_a-wsetup.o) (_free_r)
c:/mounri~1/mounri~1/toolch~1/risc-v~1/bin/../lib/gcc/riscv-none-embed/8.2.0/../../../../riscv-none-embed/lib/rv32imacxw/ilp32\libg_nano.a(lib_a-nano-mallocr.o)
                              c:/mounri~1/mounri~1/toolch~1/risc-v~1/bin/../lib/gcc/riscv-none-embed/8.2.0/../../../../riscv-none-embed/lib/rv32imacxw/ilp32\libg_nano.a(lib_a-findfp.o) (_malloc_r)
c:/mounri~1/mounri~1/toolch~1/risc-v~1/bin/../lib/gcc/riscv-none-embed/8.2.0/../../../../riscv-none-embed/lib/rv32imacxw/ilp32\libg_nano.a(lib_a-nano-vfprintf.o)
                              c:/mounri~1/mounri~1/toolch~1/risc-v~1/bin/../lib/gcc/riscv-none-embed/8.2.0/../../../../riscv-none-embed/lib/rv32imacxw/ilp32\libg_nano.a(lib_a-printf.o) (_vfprintf_r)
c:/mounri~1/mounri~1/toolch~1/risc-v~1/bin/../lib/gcc/riscv-none-embed/8.2.0/../../../../riscv-none-embed/lib/rv32imacxw/ilp32\libg_nano.a(lib_a-nano-vfprintf_i.o)
[...]
Memory Configuration

Name             Origin             Length             Attributes
FLASH            0x0000000000000000 0x0000000000030000 xr
RAM              0x0000000020000000 0x0000000000020000 xrw
*default*        0x0000000000000000 0xffffffffffffffff

Linker script and memory map

LOAD c:/mounri~1/mounri~1/toolch~1/risc-v~1/bin/../lib/gcc/riscv-none-embed/8.2.0/../../../../riscv-none-embed/lib/rv32imacxw/ilp32\libm.a
LOAD CMakeFiles/CH32V307.elf.dir/Core/core_riscv.c.obj
LOAD CMakeFiles/CH32V307.elf.dir/Debug/debug.c.obj
LOAD CMakeFiles/CH32V307.elf.dir/Peripheral/src/ch32v30x_adc.c.obj
LOAD CMakeFiles/CH32V307.elf.dir/Peripheral/src/ch32v30x_bkp.c.obj
LOAD CMakeFiles/CH32V307.elf.dir/Peripheral/src/ch32v30x_can.c.obj
LOAD CMakeFiles/CH32V307.elf.dir/Peripheral/src/ch32v30x_crc.c.obj
LOAD CMakeFiles/CH32V307.elf.dir/Peripheral/src/ch32v30x_dac.c.obj
LOAD CMakeFiles/CH32V307.elf.dir/Peripheral/src/ch32v30x_dbgmcu.c.obj
LOAD CMakeFiles/CH32V307.elf.dir/Peripheral/src/ch32v30x_dma.c.obj
LOAD CMakeFiles/CH32V307.elf.dir/Peripheral/src/ch32v30x_dvp.c.obj
LOAD CMakeFiles/CH32V307.elf.dir/Peripheral/src/ch32v30x_eth.c.obj
LOAD CMakeFiles/CH32V307.elf.dir/Peripheral/src/ch32v30x_exti.c.obj
LOAD CMakeFiles/CH32V307.elf.dir/Peripheral/src/ch32v30x_flash.c.obj
LOAD CMakeFiles/CH32V307.elf.dir/Peripheral/src/ch32v30x_fsmc.c.obj
LOAD CMakeFiles/CH32V307.elf.dir/Peripheral/src/ch32v30x_gpio.c.obj
LOAD CMakeFiles/CH32V307.elf.dir/Peripheral/src/ch32v30x_i2c.c.obj
LOAD CMakeFiles/CH32V307.elf.dir/Peripheral/src/ch32v30x_iwdg.c.obj
LOAD CMakeFiles/CH32V307.elf.dir/Peripheral/src/ch32v30x_misc.c.obj
LOAD CMakeFiles/CH32V307.elf.dir/Peripheral/src/ch32v30x_opa.c.obj
LOAD CMakeFiles/CH32V307.elf.dir/Peripheral/src/ch32v30x_pwr.c.obj
LOAD CMakeFiles/CH32V307.elf.dir/Peripheral/src/ch32v30x_rcc.c.obj
LOAD CMakeFiles/CH32V307.elf.dir/Peripheral/src/ch32v30x_rng.c.obj
LOAD CMakeFiles/CH32V307.elf.dir/Peripheral/src/ch32v30x_rtc.c.obj
LOAD CMakeFiles/CH32V307.elf.dir/Peripheral/src/ch32v30x_sdio.c.obj
LOAD CMakeFiles/CH32V307.elf.dir/Peripheral/src/ch32v30x_spi.c.obj
LOAD CMakeFiles/CH32V307.elf.dir/Peripheral/src/ch32v30x_tim.c.obj
LOAD CMakeFiles/CH32V307.elf.dir/Peripheral/src/ch32v30x_usart.c.obj
LOAD CMakeFiles/CH32V307.elf.dir/Peripheral/src/ch32v30x_wwdg.c.obj
LOAD CMakeFiles/CH32V307.elf.dir/Startup/startup_ch32v30x_D8C.S.obj
LOAD CMakeFiles/CH32V307.elf.dir/User/ch32v30x_it.c.obj
LOAD CMakeFiles/CH32V307.elf.dir/User/main.c.obj
LOAD CMakeFiles/CH32V307.elf.dir/User/system_ch32v30x.c.obj
LOAD CMakeFiles/CH32V307.elf.dir/midware/self_check.c.obj
LOAD CMakeFiles/CH32V307.elf.dir/midware/system_interface_manage.c.obj
LOAD c:/mounri~1/mounri~1/toolch~1/risc-v~1/bin/../lib/gcc/riscv-none-embed/8.2.0/rv32imacxw/ilp32\libgcc.a
LOAD c:/mounri~1/mounri~1/toolch~1/risc-v~1/bin/../lib/gcc/riscv-none-embed/8.2.0/../../../../riscv-none-embed/lib/rv32imacxw/ilp32\libg_nano.a
LOAD c:/mounri~1/mounri~1/toolch~1/risc-v~1/bin/../lib/gcc/riscv-none-embed/8.2.0/../../../../riscv-none-embed/lib/rv32imacxw/ilp32\libc_nano.a
LOAD c:/mounri~1/mounri~1/toolch~1/risc-v~1/bin/../lib/gcc/riscv-none-embed/8.2.0/rv32imacxw/ilp32\libgcc.a
START GROUP
LOAD c:/mounri~1/mounri~1/toolch~1/risc-v~1/bin/../lib/gcc/riscv-none-embed/8.2.0/rv32imacxw/ilp32\libgcc.a
LOAD c:/mounri~1/mounri~1/toolch~1/risc-v~1/bin/../lib/gcc/riscv-none-embed/8.2.0/../../../../riscv-none-embed/lib/rv32imacxw/ilp32\libc_nano.a
LOAD c:/mounri~1/mounri~1/toolch~1/risc-v~1/bin/../lib/gcc/riscv-none-embed/8.2.0/../../../../riscv-none-embed/lib/rv32imacxw/ilp32\libnosys.a
END GROUP
START GROUP
LOAD c:/mounri~1/mounri~1/toolch~1/risc-v~1/bin/../lib/gcc/riscv-none-embed/8.2.0/rv32imacxw/ilp32\libgcc.a
LOAD c:/mounri~1/mounri~1/toolch~1/risc-v~1/bin/../lib/gcc/riscv-none-embed/8.2.0/../../../../riscv-none-embed/lib/rv32imacxw/ilp32\libc_nano.a
LOAD c:/mounri~1/mounri~1/toolch~1/risc-v~1/bin/../lib/gcc/riscv-none-embed/8.2.0/../../../../riscv-none-embed/lib/rv32imacxw/ilp32\libnosys.a
END GROUP
                0x0000000000000800                __stack_size = 0x800
                [!provide]                        PROVIDE (_stack_size = __stack_size)

.init           0x0000000000000000       0x38
                0x0000000000000000                _sinit = .
                0x0000000000000000                . = ALIGN (0x4)
 *(SORT_NONE(.init))
 .init          0x0000000000000000       0x38 CMakeFiles/CH32V307.elf.dir/Startup/startup_ch32v30x_D8C.S.obj
                0x0000000000000000                _start
                0x0000000000000038                . = ALIGN (0x4)
                0x0000000000000038                _einit = .

.vector         0x0000000000000038      0x1c8
 *(.vector)
 .vector        0x0000000000000038      0x1a0 CMakeFiles/CH32V307.elf.dir/Startup/startup_ch32v30x_D8C.S.obj
                0x0000000000000200                . = ALIGN (0x40)
 *fill*         0x00000000000001d8       0x28 

.text           0x0000000000000200     0x28b8
                0x0000000000000200                . = ALIGN (0x4)
 *(.text)
 .text          0x0000000000000200       0xa8 c:/mounri~1/mounri~1/toolch~1/risc-v~1/bin/../lib/gcc/riscv-none-embed/8.2.0/../../../../riscv-none-embed/lib/rv32imacxw/ilp32\libg_nano.a(lib_a-memset.o)
                0x0000000000000200                memset
 *(.text.*)
 .text.__get_MISA
                0x00000000000002a8       0x1a CMakeFiles/CH32V307.elf.dir/Core/core_riscv.c.obj
                0x00000000000002a8                __get_MISA
 .text.__get_MTVEC
                0x00000000000002c2       0x1a CMakeFiles/CH32V307.elf.dir/Core/core_riscv.c.obj
                0x00000000000002c2                __get_MTVEC
 .text.__get_MARCHID
                0x00000000000002dc       0x1a CMakeFiles/CH32V307.elf.dir/Core/core_riscv.c.obj
                0x00000000000002dc                __get_MARCHID
 .text._write   0x00000000000002f6       0x76 CMakeFiles/CH32V307.elf.dir/Debug/debug.c.obj
                0x00000000000002f6                _write
 .text._sbrk    0x000000000000036c       0x6e CMakeFiles/CH32V307.elf.dir/Debug/debug.c.obj
                0x000000000000036c                _sbrk
 .text.GPIO_Init
                0x00000000000003da      0x222 CMakeFiles/CH32V307.elf.dir/Peripheral/src/ch32v30x_gpio.c.obj
                0x00000000000003da                GPIO_Init
 .text.RCC_GetClocksFreq
                0x00000000000005fc      0x350 CMakeFiles/CH32V307.elf.dir/Peripheral/src/ch32v30x_rcc.c.obj
                0x00000000000005fc                RCC_GetClocksFreq
 .text.RCC_APB2PeriphClockCmd
                0x000000000000094c       0x46 CMakeFiles/CH32V307.elf.dir/Peripheral/src/ch32v30x_rcc.c.obj
                0x000000000000094c                RCC_APB2PeriphClockCmd
 .text.USART_Init
                0x0000000000000992      0x216 CMakeFiles/CH32V307.elf.dir/Peripheral/src/ch32v30x_usart.c.obj
                0x0000000000000992                USART_Init
 .text.USART_Cmd
                0x0000000000000ba8       0x58 CMakeFiles/CH32V307.elf.dir/Peripheral/src/ch32v30x_usart.c.obj
                0x0000000000000ba8                USART_Cmd
 .text.USART_SendData
                0x0000000000000c00       0x2c CMakeFiles/CH32V307.elf.dir/Peripheral/src/ch32v30x_usart.c.obj
                0x0000000000000c00                USART_SendData
 .text.USART_GetFlagStatus
                0x0000000000000c2c       0x44 CMakeFiles/CH32V307.elf.dir/Peripheral/src/ch32v30x_usart.c.obj
                0x0000000000000c2c                USART_GetFlagStatus
 .text.vector_handler
                0x0000000000000c70       0xbe CMakeFiles/CH32V307.elf.dir/Startup/startup_ch32v30x_D8C.S.obj
                0x0000000000000c74                Ecall_M_Mode_Handler
                0x0000000000000c76                Ecall_U_Mode_Handler
                0x0000000000000c78                Break_Point_Handler
                0x0000000000000c7a                SysTick_Handler
                0x0000000000000c7e                WWDG_IRQHandler
                0x0000000000000c80                PVD_IRQHandler
                0x0000000000000c82                TAMPER_IRQHandler
                0x0000000000000c84                RTC_IRQHandler
                0x0000000000000c86                FLASH_IRQHandler
                0x0000000000000c88                RCC_IRQHandler
                0x0000000000000c8a                EXTI0_IRQHandler
                0x0000000000000c8c                EXTI1_IRQHandler
                0x0000000000000c8e                EXTI2_IRQHandler
                0x0000000000000c90                EXTI3_IRQHandler
                0x0000000000000c92                EXTI4_IRQHandler
                0x0000000000000c94                DMA1_Channel1_IRQHandler
                0x0000000000000c96                DMA1_Channel2_IRQHandler
                0x0000000000000c98                DMA1_Channel3_IRQHandler
                0x0000000000000c9a                DMA1_Channel4_IRQHandler
                0x0000000000000c9c                DMA1_Channel5_IRQHandler
                0x0000000000000c9e                DMA1_Channel6_IRQHandler
                0x0000000000000ca0                DMA1_Channel7_IRQHandler
                0x0000000000000ca2                ADC1_2_IRQHandler
                0x0000000000000ca4                USB_HP_CAN1_TX_IRQHandler
                0x0000000000000ca6                USB_LP_CAN1_RX0_IRQHandler
                0x0000000000000ca8                CAN1_RX1_IRQHandler
                0x0000000000000caa                CAN1_SCE_IRQHandler
                0x0000000000000cac                EXTI9_5_IRQHandler
                0x0000000000000cae                TIM1_BRK_IRQHandler
                0x0000000000000cb0                TIM1_UP_IRQHandler
                0x0000000000000cb2                TIM1_TRG_COM_IRQHandler
                0x0000000000000cb4                TIM1_CC_IRQHandler
                0x0000000000000cb6                TIM2_IRQHandler
                0x0000000000000cb8                TIM3_IRQHandler
                0x0000000000000cba                TIM4_IRQHandler
                0x0000000000000cbc                I2C1_EV_IRQHandler
                0x0000000000000cbe                I2C1_ER_IRQHandler
                0x0000000000000cc0                I2C2_EV_IRQHandler
                0x0000000000000cc2                I2C2_ER_IRQHandler
                0x0000000000000cc4                SPI1_IRQHandler
                0x0000000000000cc6                SPI2_IRQHandler
                0x0000000000000cc8                USART1_IRQHandler
                0x0000000000000cca                USART2_IRQHandler
                0x0000000000000ccc                USART3_IRQHandler
                0x0000000000000cce                EXTI15_10_IRQHandler
                0x0000000000000cd0                RTCAlarm_IRQHandler
                0x0000000000000cd2                USBWakeUp_IRQHandler
                0x0000000000000cd4                TIM8_BRK_IRQHandler
                0x0000000000000cd6                TIM8_UP_IRQHandler
                0x0000000000000cd8                TIM8_TRG_COM_IRQHandler
                0x0000000000000cda                TIM8_CC_IRQHandler
                0x0000000000000cdc                RNG_IRQHandler
                0x0000000000000cde                FSMC_IRQHandler
                0x0000000000000ce0                SDIO_IRQHandler
                0x0000000000000ce2                TIM5_IRQHandler
                0x0000000000000ce4                SPI3_IRQHandler
                0x0000000000000ce6                UART4_IRQHandler
                0x0000000000000ce8                UART5_IRQHandler
                0x0000000000000cea                TIM6_IRQHandler
                0x0000000000000cec                TIM7_IRQHandler
                0x0000000000000cee                DMA2_Channel1_IRQHandler
                0x0000000000000cf0                DMA2_Channel2_IRQHandler
                0x0000000000000cf2                DMA2_Channel3_IRQHandler
                0x0000000000000cf4                DMA2_Channel4_IRQHandler
                0x0000000000000cf6                DMA2_Channel5_IRQHandler
                0x0000000000000cf8                ETH_IRQHandler
                0x0000000000000cfa                ETH_WKUP_IRQHandler
                0x0000000000000cfc                CAN2_TX_IRQHandler
                0x0000000000000cfe                CAN2_RX0_IRQHandler
                0x0000000000000d00                CAN2_RX1_IRQHandler
                0x0000000000000d02                CAN2_SCE_IRQHandler
                0x0000000000000d04                OTG_FS_IRQHandler
                0x0000000000000d06                USBHSWakeup_IRQHandler
                0x0000000000000d08                USBHS_IRQHandler
                0x0000000000000d0a                DVP_IRQHandler
                0x0000000000000d0c                UART6_IRQHandler
                0x0000000000000d0e                UART7_IRQHandler
                0x0000000000000d10                UART8_IRQHandler
                0x0000000000000d12                TIM9_BRK_IRQHandler
                0x0000000000000d14                TIM9_UP_IRQHandler
                0x0000000000000d16                TIM9_TRG_COM_IRQHandler
                0x0000000000000d18                TIM9_CC_IRQHandler
                0x0000000000000d1a                TIM10_BRK_IRQHandler
                0x0000000000000d1c                TIM10_UP_IRQHandler
                0x0000000000000d1e                TIM10_TRG_COM_IRQHandler
                0x0000000000000d20                TIM10_CC_IRQHandler
                0x0000000000000d22                DMA2_Channel6_IRQHandler
                0x0000000000000d24                DMA2_Channel7_IRQHandler
                0x0000000000000d26                DMA2_Channel8_IRQHandler
                0x0000000000000d28                DMA2_Channel9_IRQHandler
                0x0000000000000d2a                DMA2_Channel10_IRQHandler
                0x0000000000000d2c                DMA2_Channel11_IRQHandler
 .text.handle_reset
                0x0000000000000d2e       0x8a CMakeFiles/CH32V307.elf.dir/Startup/startup_ch32v30x_D8C.S.obj
                0x0000000000000d2e                handle_reset
 .text.NVIC_ClearPendingIRQ
                0x0000000000000db8       0x32 CMakeFiles/CH32V307.elf.dir/User/ch32v30x_it.c.obj
 .text.NMI_Handler
                0x0000000000000dea       0x1a CMakeFiles/CH32V307.elf.dir/User/ch32v30x_it.c.obj
                0x0000000000000dea                NMI_Handler
 .text.SW_Handler
                0x0000000000000e04       0x36 CMakeFiles/CH32V307.elf.dir/User/ch32v30x_it.c.obj
                0x0000000000000e04                SW_Handler
 .text.HardFault_Handler
                0x0000000000000e3a       0x5a CMakeFiles/CH32V307.elf.dir/User/ch32v30x_it.c.obj
                0x0000000000000e3a                HardFault_Handler
 .text.main     0x0000000000000e94       0x2c CMakeFiles/CH32V307.elf.dir/User/main.c.obj
                0x0000000000000e94                main
 .text.SystemInit
                0x0000000000000ec0       0x98 CMakeFiles/CH32V307.elf.dir/User/system_ch32v30x.c.obj
                0x0000000000000ec0                SystemInit
 .text.SetSysClock
                0x0000000000000f58       0x16 CMakeFiles/CH32V307.elf.dir/User/system_ch32v30x.c.obj
 .text.printf_init
                0x0000000000000f6e       0x7e CMakeFiles/CH32V307.elf.dir/User/system_ch32v30x.c.obj
                0x0000000000000f6e                printf_init
 .text.SetSysClockTo144
                0x0000000000000fec      0x112 CMakeFiles/CH32V307.elf.dir/User/system_ch32v30x.c.obj
 .text.NVIC_EnableIRQ
                0x00000000000010fe       0x32 CMakeFiles/CH32V307.elf.dir/midware/self_check.c.obj
 .text.NVIC_DisableIRQ
                0x0000000000001130       0x32 CMakeFiles/CH32V307.elf.dir/midware/self_check.c.obj
 .text.NVIC_SetPendingIRQ
                0x0000000000001162       0x32 CMakeFiles/CH32V307.elf.dir/midware/self_check.c.obj
 .text.self_check
                0x0000000000001194      0x220 CMakeFiles/CH32V307.elf.dir/midware/self_check.c.obj
                0x0000000000001194                self_check
 .text.check_rst_src
                0x00000000000013b4       0xae CMakeFiles/CH32V307.elf.dir/midware/self_check.c.obj
                0x00000000000013b4                check_rst_src
 .text.printf   0x0000000000001462       0x40 c:/mounri~1/mounri~1/toolch~1/risc-v~1/bin/../lib/gcc/riscv-none-embed/8.2.0/../../../../riscv-none-embed/lib/rv32imacxw/ilp32\libg_nano.a(lib_a-printf.o)
                0x0000000000001462                iprintf
                0x0000000000001462                printf
 .text.putchar  0x00000000000014a2       0x2a c:/mounri~1/mounri~1/toolch~1/risc-v~1/bin/../lib/gcc/riscv-none-embed/8.2.0/../../../../riscv-none-embed/lib/rv32imacxw/ilp32\libg_nano.a(lib_a-putchar.o)
                0x00000000000014a2                putchar
 .text._puts_r  0x00000000000014cc       0xd4 c:/mounri~1/mounri~1/toolch~1/risc-v~1/bin/../lib/gcc/riscv-none-embed/8.2.0/../../../../riscv-none-embed/lib/rv32imacxw/ilp32\libg_nano.a(lib_a-puts.o)
                0x00000000000014cc                _puts_r
 .text.puts     0x00000000000015a0        0xa c:/mounri~1/mounri~1/toolch~1/risc-v~1/bin/../lib/gcc/riscv-none-embed/8.2.0/../../../../riscv-none-embed/lib/rv32imacxw/ilp32\libg_nano.a(lib_a-puts.o)
                0x00000000000015a0                puts
 .text.__swbuf_r
                0x00000000000015aa       0xbc c:/mounri~1/mounri~1/toolch~1/risc-v~1/bin/../lib/gcc/riscv-none-embed/8.2.0/../../../../riscv-none-embed/lib/rv32imacxw/ilp32\libg_nano.a(lib_a-wbuf.o)
                0x00000000000015aa                __swbuf_r
 .text.__swsetup_r
                0x0000000000001666       0xfc c:/mounri~1/mounri~1/toolch~1/risc-v~1/bin/../lib/gcc/riscv-none-embed/8.2.0/../../../../riscv-none-embed/lib/rv32imacxw/ilp32\libg_nano.a(lib_a-wsetup.o)
                0x0000000000001666                __swsetup_r
 .text.__sflush_r
                0x0000000000001762      0x130 c:/mounri~1/mounri~1/toolch~1/risc-v~1/bin/../lib/gcc/riscv-none-embed/8.2.0/../../../../riscv-none-embed/lib/rv32imacxw/ilp32\libg_nano.a(lib_a-fflush.o)
                0x0000000000001762                __sflush_r
 .text._fflush_r
                0x0000000000001892       0x64 c:/mounri~1/mounri~1/toolch~1/risc-v~1/bin/../lib/gcc/riscv-none-embed/8.2.0/../../../../riscv-none-embed/lib/rv32imacxw/ilp32\libg_nano.a(lib_a-fflush.o)
                0x0000000000001892                _fflush_r
 .text.std      0x00000000000018f6       0x66 c:/mounri~1/mounri~1/toolch~1/risc-v~1/bin/../lib/gcc/riscv-none-embed/8.2.0/../../../../riscv-none-embed/lib/rv32imacxw/ilp32\libg_nano.a(lib_a-findfp.o)
 .text._cleanup_r
                0x000000000000195c        0xa c:/mounri~1/mounri~1/toolch~1/risc-v~1/bin/../lib/gcc/riscv-none-embed/8.2.0/../../../../riscv-none-embed/lib/rv32imacxw/ilp32\libg_nano.a(lib_a-findfp.o)
                0x000000000000195c                _cleanup_r
 .text.__sfmoreglue
                0x0000000000001966       0x46 c:/mounri~1/mounri~1/toolch~1/risc-v~1/bin/../lib/gcc/riscv-none-embed/8.2.0/../../../../riscv-none-embed/lib/rv32imacxw/ilp32\libg_nano.a(lib_a-findfp.o)
                0x0000000000001966                __sfmoreglue
 .text.__sinit  0x00000000000019ac       0x66 c:/mounri~1/mounri~1/toolch~1/risc-v~1/bin/../lib/gcc/riscv-none-embed/8.2.0/../../../../riscv-none-embed/lib/rv32imacxw/ilp32\libg_nano.a(lib_a-findfp.o)
                0x00000000000019ac                __sinit
 .text.__sfp    0x0000000000001a12       0x9c c:/mounri~1/mounri~1/toolch~1/risc-v~1/bin/../lib/gcc/riscv-none-embed/8.2.0/../../../../riscv-none-embed/lib/rv32imacxw/ilp32\libg_nano.a(lib_a-findfp.o)
                0x0000000000001a12                __sfp
 .text._fwalk_reent
                0x0000000000001aae       0x6a c:/mounri~1/mounri~1/toolch~1/risc-v~1/bin/../lib/gcc/riscv-none-embed/8.2.0/../../../../riscv-none-embed/lib/rv32imacxw/ilp32\libg_nano.a(lib_a-fwalk.o)
                0x0000000000001aae                _fwalk_reent
 .text.__swhatbuf_r
                0x0000000000001b18       0x58 c:/mounri~1/mounri~1/toolch~1/risc-v~1/bin/../lib/gcc/riscv-none-embed/8.2.0/../../../../riscv-none-embed/lib/rv32imacxw/ilp32\libg_nano.a(lib_a-makebuf.o)
                0x0000000000001b18                __swhatbuf_r
 .text.__smakebuf_r
                0x0000000000001b70       0x90 c:/mounri~1/mounri~1/toolch~1/risc-v~1/bin/../lib/gcc/riscv-none-embed/8.2.0/../../../../riscv-none-embed/lib/rv32imacxw/ilp32\libg_nano.a(lib_a-makebuf.o)
                0x0000000000001b70                __smakebuf_r
 .text._free_r  0x0000000000001c00       0xa8 c:/mounri~1/mounri~1/toolch~1/risc-v~1/bin/../lib/gcc/riscv-none-embed/8.2.0/../../../../riscv-none-embed/lib/rv32imacxw/ilp32\libg_nano.a(lib_a-nano-freer.o)
                0x0000000000001c00                _free_r
 .text._malloc_r
                0x0000000000001ca8       0xd8 c:/mounri~1/mounri~1/toolch~1/risc-v~1/bin/../lib/gcc/riscv-none-embed/8.2.0/../../../../riscv-none-embed/lib/rv32imacxw/ilp32\libg_nano.a(lib_a-nano-mallocr.o)
                0x0000000000001ca8                _malloc_r
 .text.__sfputc_r
                0x0000000000001d80       0x28 c:/mounri~1/mounri~1/toolch~1/risc-v~1/bin/../lib/gcc/riscv-none-embed/8.2.0/../../../../riscv-none-embed/lib/rv32imacxw/ilp32\libg_nano.a(lib_a-nano-vfprintf.o)
 .text.__sfputs_r
                0x0000000000001da8       0x40 c:/mounri~1/mounri~1/toolch~1/risc-v~1/bin/../lib/gcc/riscv-none-embed/8.2.0/../../../../riscv-none-embed/lib/rv32imacxw/ilp32\libg_nano.a(lib_a-nano-vfprintf.o)
                0x0000000000001da8                __sfputs_r
 .text._vfprintf_r
                0x0000000000001de8      0x286 c:/mounri~1/mounri~1/toolch~1/risc-v~1/bin/../lib/gcc/riscv-none-embed/8.2.0/../../../../riscv-none-embed/lib/rv32imacxw/ilp32\libg_nano.a(lib_a-nano-vfprintf.o)
                0x0000000000001de8                _vfprintf_r
                0x0000000000001de8                _vfiprintf_r
 .text._printf_common
                0x000000000000206e      0x10c c:/mounri~1/mounri~1/toolch~1/risc-v~1/bin/../lib/gcc/riscv-none-embed/8.2.0/../../../../riscv-none-embed/lib/rv32imacxw/ilp32\libg_nano.a(lib_a-nano-vfprintf_i.o)
                0x000000000000206e                _printf_common
 .text._printf_i
                0x000000000000217a      0x2a0 c:/mounri~1/mounri~1/toolch~1/risc-v~1/bin/../lib/gcc/riscv-none-embed/8.2.0/../../../../riscv-none-embed/lib/rv32imacxw/ilp32\libg_nano.a(lib_a-nano-vfprintf_i.o)
                0x000000000000217a                _printf_i
 .text._putc_r  0x000000000000241a       0x84 c:/mounri~1/mounri~1/toolch~1/risc-v~1/bin/../lib/gcc/riscv-none-embed/8.2.0/../../../../riscv-none-embed/lib/rv32imacxw/ilp32\libg_nano.a(lib_a-putc.o)
                0x000000000000241a                _putc_r
 .text._sbrk_r  0x000000000000249e       0x2a c:/mounri~1/mounri~1/toolch~1/risc-v~1/bin/../lib/gcc/riscv-none-embed/8.2.0/../../../../riscv-none-embed/lib/rv32imacxw/ilp32\libg_nano.a(lib_a-sbrkr.o)
                0x000000000000249e                _sbrk_r
 .text.__sread  0x00000000000024c8       0x2c c:/mounri~1/mounri~1/toolch~1/risc-v~1/bin/../lib/gcc/riscv-none-embed/8.2.0/../../../../riscv-none-embed/lib/rv32imacxw/ilp32\libg_nano.a(lib_a-stdio.o)
                0x00000000000024c8                __sread
 .text.__swrite
                0x00000000000024f4       0x48 c:/mounri~1/mounri~1/toolch~1/risc-v~1/bin/../lib/gcc/riscv-none-embed/8.2.0/../../../../riscv-none-embed/lib/rv32imacxw/ilp32\libg_nano.a(lib_a-stdio.o)
                0x00000000000024f4                __swrite
 .text.__sseek  0x000000000000253c       0x30 c:/mounri~1/mounri~1/toolch~1/risc-v~1/bin/../lib/gcc/riscv-none-embed/8.2.0/../../../../riscv-none-embed/lib/rv32imacxw/ilp32\libg_nano.a(lib_a-stdio.o)
                0x000000000000253c                __sseek
 .text.__sclose
                0x000000000000256c        0x6 c:/mounri~1/mounri~1/toolch~1/risc-v~1/bin/../lib/gcc/riscv-none-embed/8.2.0/../../../../riscv-none-embed/lib/rv32imacxw/ilp32\libg_nano.a(lib_a-stdio.o)
                0x000000000000256c                __sclose
 .text._write_r
                0x0000000000002572       0x2e c:/mounri~1/mounri~1/toolch~1/risc-v~1/bin/../lib/gcc/riscv-none-embed/8.2.0/../../../../riscv-none-embed/lib/rv32imacxw/ilp32\libg_nano.a(lib_a-writer.o)
                0x0000000000002572                _write_r
 .text._close_r
                0x00000000000025a0       0x28 c:/mounri~1/mounri~1/toolch~1/risc-v~1/bin/../lib/gcc/riscv-none-embed/8.2.0/../../../../riscv-none-embed/lib/rv32imacxw/ilp32\libg_nano.a(lib_a-closer.o)
                0x00000000000025a0                _close_r
 .text._fstat_r
                0x00000000000025c8       0x2a c:/mounri~1/mounri~1/toolch~1/risc-v~1/bin/../lib/gcc/riscv-none-embed/8.2.0/../../../../riscv-none-embed/lib/rv32imacxw/ilp32\libg_nano.a(lib_a-fstatr.o)
                0x00000000000025c8                _fstat_r
 .text._isatty_r
                0x00000000000025f2       0x28 c:/mounri~1/mounri~1/toolch~1/risc-v~1/bin/../lib/gcc/riscv-none-embed/8.2.0/../../../../riscv-none-embed/lib/rv32imacxw/ilp32\libg_nano.a(lib_a-isattyr.o)
                0x00000000000025f2                _isatty_r
 .text._lseek_r
                0x000000000000261a       0x2c c:/mounri~1/mounri~1/toolch~1/risc-v~1/bin/../lib/gcc/riscv-none-embed/8.2.0/../../../../riscv-none-embed/lib/rv32imacxw/ilp32\libg_nano.a(lib_a-lseekr.o)
                0x000000000000261a                _lseek_r
 .text.memchr   0x0000000000002646       0x18 c:/mounri~1/mounri~1/toolch~1/risc-v~1/bin/../lib/gcc/riscv-none-embed/8.2.0/../../../../riscv-none-embed/lib/rv32imacxw/ilp32\libg_nano.a(lib_a-memchr.o)
                0x0000000000002646                memchr
 .text.__malloc_lock
                0x000000000000265e        0x2 c:/mounri~1/mounri~1/toolch~1/risc-v~1/bin/../lib/gcc/riscv-none-embed/8.2.0/../../../../riscv-none-embed/lib/rv32imacxw/ilp32\libg_nano.a(lib_a-mlock.o)
                0x000000000000265e                __malloc_lock
 .text.__malloc_unlock
                0x0000000000002660        0x2 c:/mounri~1/mounri~1/toolch~1/risc-v~1/bin/../lib/gcc/riscv-none-embed/8.2.0/../../../../riscv-none-embed/lib/rv32imacxw/ilp32\libg_nano.a(lib_a-mlock.o)
                0x0000000000002660                __malloc_unlock
 .text._read_r  0x0000000000002662       0x2c c:/mounri~1/mounri~1/toolch~1/risc-v~1/bin/../lib/gcc/riscv-none-embed/8.2.0/../../../../riscv-none-embed/lib/rv32imacxw/ilp32\libg_nano.a(lib_a-readr.o)
                0x0000000000002662                _read_r
 .text._close   0x000000000000268e        0xc c:/mounri~1/mounri~1/toolch~1/risc-v~1/bin/../lib/gcc/riscv-none-embed/8.2.0/../../../../riscv-none-embed/lib/rv32imacxw/ilp32\libnosys.a(close.o)
                0x000000000000268e                _close
 .text._fstat   0x000000000000269a        0xc c:/mounri~1/mounri~1/toolch~1/risc-v~1/bin/../lib/gcc/riscv-none-embed/8.2.0/../../../../riscv-none-embed/lib/rv32imacxw/ilp32\libnosys.a(fstat.o)
                0x000000000000269a                _fstat
 .text._isatty  0x00000000000026a6        0xc c:/mounri~1/mounri~1/toolch~1/risc-v~1/bin/../lib/gcc/riscv-none-embed/8.2.0/../../../../riscv-none-embed/lib/rv32imacxw/ilp32\libnosys.a(isatty.o)
                0x00000000000026a6                _isatty
 .text._lseek   0x00000000000026b2        0xc c:/mounri~1/mounri~1/toolch~1/risc-v~1/bin/../lib/gcc/riscv-none-embed/8.2.0/../../../../riscv-none-embed/lib/rv32imacxw/ilp32\libnosys.a(lseek.o)
                0x00000000000026b2                _lseek
 .text._read    0x00000000000026be        0xc c:/mounri~1/mounri~1/toolch~1/risc-v~1/bin/../lib/gcc/riscv-none-embed/8.2.0/../../../../riscv-none-embed/lib/rv32imacxw/ilp32\libnosys.a(read.o)
                0x00000000000026be                _read
 *(.rodata)
 *fill*         0x00000000000026ca        0x2 
 .rodata        0x00000000000026cc       0x75 CMakeFiles/CH32V307.elf.dir/User/ch32v30x_it.c.obj
 *fill*         0x0000000000002741        0x3 
 .rodata        0x0000000000002744       0x4c CMakeFiles/CH32V307.elf.dir/User/main.c.obj
 .rodata        0x0000000000002790      0x28a CMakeFiles/CH32V307.elf.dir/midware/self_check.c.obj
 *(.rodata*)
 *fill*         0x0000000000002a1a        0x2 
 .rodata.__sf_fake_stderr
                0x0000000000002a1c       0x20 c:/mounri~1/mounri~1/toolch~1/risc-v~1/bin/../lib/gcc/riscv-none-embed/8.2.0/../../../../riscv-none-embed/lib/rv32imacxw/ilp32\libg_nano.a(lib_a-findfp.o)
                0x0000000000002a1c                __sf_fake_stderr
 .rodata.__sf_fake_stdin
                0x0000000000002a3c       0x20 c:/mounri~1/mounri~1/toolch~1/risc-v~1/bin/../lib/gcc/riscv-none-embed/8.2.0/../../../../riscv-none-embed/lib/rv32imacxw/ilp32\libg_nano.a(lib_a-findfp.o)
                0x0000000000002a3c                __sf_fake_stdin
 .rodata.__sf_fake_stdout
                0x0000000000002a5c       0x20 c:/mounri~1/mounri~1/toolch~1/risc-v~1/bin/../lib/gcc/riscv-none-embed/8.2.0/../../../../riscv-none-embed/lib/rv32imacxw/ilp32\libg_nano.a(lib_a-findfp.o)
                0x0000000000002a5c                __sf_fake_stdout
 .rodata._vfprintf_r.str1.4
                0x0000000000002a7c       0x13 c:/mounri~1/mounri~1/toolch~1/risc-v~1/bin/../lib/gcc/riscv-none-embed/8.2.0/../../../../riscv-none-embed/lib/rv32imacxw/ilp32\libg_nano.a(lib_a-nano-vfprintf.o)
 *fill*         0x0000000000002a8f        0x1 
 .rodata._printf_i.str1.4
                0x0000000000002a90       0x28 c:/mounri~1/mounri~1/toolch~1/risc-v~1/bin/../lib/gcc/riscv-none-embed/8.2.0/../../../../riscv-none-embed/lib/rv32imacxw/ilp32\libg_nano.a(lib_a-nano-vfprintf_i.o)
                                         0x25 (size before relaxing)
 *(.glue_7)
 *(.glue_7t)
 *(.gnu.linkonce.t.*)
                0x0000000000002ab8                . = ALIGN (0x4)

.rela.dyn       0x0000000000002ab8        0x0
 .rela.sdata.curbrk.5199
                0x0000000000002ab8        0x0 CMakeFiles/CH32V307.elf.dir/Core/core_riscv.c.obj
 .rela.text._sbrk
                0x0000000000002ab8        0x0 CMakeFiles/CH32V307.elf.dir/Core/core_riscv.c.obj
 .rela.init     0x0000000000002ab8        0x0 CMakeFiles/CH32V307.elf.dir/Core/core_riscv.c.obj
 .rela.vector   0x0000000000002ab8        0x0 CMakeFiles/CH32V307.elf.dir/Core/core_riscv.c.obj
 .rela.text.handle_reset
                0x0000000000002ab8        0x0 CMakeFiles/CH32V307.elf.dir/Core/core_riscv.c.obj
 .rela.text._vfprintf_r
                0x0000000000002ab8        0x0 CMakeFiles/CH32V307.elf.dir/Core/core_riscv.c.obj
 .rela.text._sbrk_r
                0x0000000000002ab8        0x0 CMakeFiles/CH32V307.elf.dir/Core/core_riscv.c.obj
 .rela.text._write_r
                0x0000000000002ab8        0x0 CMakeFiles/CH32V307.elf.dir/Core/core_riscv.c.obj
 .rela.text._close_r
                0x0000000000002ab8        0x0 CMakeFiles/CH32V307.elf.dir/Core/core_riscv.c.obj
 .rela.text._fstat_r
                0x0000000000002ab8        0x0 CMakeFiles/CH32V307.elf.dir/Core/core_riscv.c.obj
 .rela.text._isatty_r
                0x0000000000002ab8        0x0 CMakeFiles/CH32V307.elf.dir/Core/core_riscv.c.obj
 .rela.text._lseek_r
                0x0000000000002ab8        0x0 CMakeFiles/CH32V307.elf.dir/Core/core_riscv.c.obj
 .rela.text._read_r
                0x0000000000002ab8        0x0 CMakeFiles/CH32V307.elf.dir/Core/core_riscv.c.obj
 .rela.text._close
                0x0000000000002ab8        0x0 CMakeFiles/CH32V307.elf.dir/Core/core_riscv.c.obj
 .rela.text._fstat
                0x0000000000002ab8        0x0 CMakeFiles/CH32V307.elf.dir/Core/core_riscv.c.obj
 .rela.text._isatty
                0x0000000000002ab8        0x0 CMakeFiles/CH32V307.elf.dir/Core/core_riscv.c.obj
 .rela.text._lseek
                0x0000000000002ab8        0x0 CMakeFiles/CH32V307.elf.dir/Core/core_riscv.c.obj
 .rela.text._read
                0x0000000000002ab8        0x0 CMakeFiles/CH32V307.elf.dir/Core/core_riscv.c.obj

.fini           0x0000000000002ab8        0x0
 *(SORT_NONE(.fini))
                0x0000000000002ab8                . = ALIGN (0x4)
                [!provide]                        PROVIDE (_etext = .)
                [!provide]                        PROVIDE (_eitcm = .)

.preinit_array  0x0000000000002ab8        0x0
                [!provide]                        PROVIDE (__preinit_array_start = .)
 *(.preinit_array)
                [!provide]                        PROVIDE (__preinit_array_end = .)

.init_array     0x0000000000002ab8        0x0
                [!provide]                        PROVIDE (__init_array_start = .)
 *(SORT_BY_INIT_PRIORITY(.init_array.*) SORT_BY_INIT_PRIORITY(.ctors.*))
 *(.init_array EXCLUDE_FILE(*crtend?.o *crtend.o *crtbegin?.o *crtbegin.o) .ctors)
                [!provide]                        PROVIDE (__init_array_end = .)

.fini_array     0x0000000000002ab8        0x0
                [!provide]                        PROVIDE (__fini_array_start = .)
 *(SORT_BY_INIT_PRIORITY(.fini_array.*) SORT_BY_INIT_PRIORITY(.dtors.*))
 *(.fini_array EXCLUDE_FILE(*crtend?.o *crtend.o *crtbegin?.o *crtbegin.o) .dtors)
                [!provide]                        PROVIDE (__fini_array_end = .)

.ctors
 *crtbegin.o(.ctors)
 *crtbegin?.o(.ctors)
 *(EXCLUDE_FILE(*crtend?.o *crtend.o) .ctors)
 *(SORT_BY_NAME(.ctors.*))
 *(.ctors)

.dtors
 *crtbegin.o(.dtors)
 *crtbegin?.o(.dtors)
 *(EXCLUDE_FILE(*crtend?.o *crtend.o) .dtors)
 *(SORT_BY_NAME(.dtors.*))
 *(.dtors)

.dalign         0x0000000020000000        0x0 load address 0x0000000000002ab8
                0x0000000020000000                . = ALIGN (0x4)
                0x0000000020000000                PROVIDE (_data_vma = .)

.dlalign        0x0000000000002ab8        0x0
                0x0000000000002ab8                . = ALIGN (0x4)
                0x0000000000002ab8                PROVIDE (_data_lma = .)

.data           0x0000000020000000       0x90 load address 0x0000000000002ab8
 *(.gnu.linkonce.r.*)
 *(.data .data.*)
 .data.APBAHBPrescTable
                0x0000000020000000       0x10 CMakeFiles/CH32V307.elf.dir/Peripheral/src/ch32v30x_rcc.c.obj
 .data.PLL2MuxTable
                0x0000000020000010       0x10 CMakeFiles/CH32V307.elf.dir/Peripheral/src/ch32v30x_rcc.c.obj
 .data.impure_data
                0x0000000020000020       0x60 c:/mounri~1/mounri~1/toolch~1/risc-v~1/bin/../lib/gcc/riscv-none-embed/8.2.0/../../../../riscv-none-embed/lib/rv32imacxw/ilp32\libg_nano.a(lib_a-impure.o)
 *(.gnu.linkonce.d.*)
                0x0000000020000080                . = ALIGN (0x8)
                0x0000000020000880                PROVIDE (__global_pointer$ = (. + 0x800))
 *(.sdata .sdata.*)
 .sdata.curbrk.5199
                0x0000000020000080        0x4 CMakeFiles/CH32V307.elf.dir/Debug/debug.c.obj
 .sdata.ADCPrescTable
                0x0000000020000084        0x4 CMakeFiles/CH32V307.elf.dir/Peripheral/src/ch32v30x_rcc.c.obj
 .sdata._impure_ptr
                0x0000000020000088        0x4 c:/mounri~1/mounri~1/toolch~1/risc-v~1/bin/../lib/gcc/riscv-none-embed/8.2.0/../../../../riscv-none-embed/lib/rv32imacxw/ilp32\libg_nano.a(lib_a-impure.o)
                0x0000000020000088                _impure_ptr
 *(.sdata2.*)
 .sdata2._global_impure_ptr
                0x000000002000008c        0x4 c:/mounri~1/mounri~1/toolch~1/risc-v~1/bin/../lib/gcc/riscv-none-embed/8.2.0/../../../../riscv-none-embed/lib/rv32imacxw/ilp32\libg_nano.a(lib_a-impure.o)
                0x000000002000008c                _global_impure_ptr
 *(.gnu.linkonce.s.*)
                0x0000000020000090                . = ALIGN (0x8)
 *(.srodata.cst16)
 *(.srodata.cst8)
 *(.srodata.cst4)
 *(.srodata.cst2)
 *(.srodata .srodata.*)
                0x0000000020000090                . = ALIGN (0x4)
                0x0000000020000090                PROVIDE (_edata = .)

.bss            0x0000000020000090       0x24 load address 0x0000000000002b48
                0x0000000020000090                . = ALIGN (0x4)
                0x0000000020000090                PROVIDE (_sbss = .)
 *(.sbss*)
 .sbss.d_mepc   0x0000000020000090        0x4 CMakeFiles/CH32V307.elf.dir/User/ch32v30x_it.c.obj
                0x0000000020000090                d_mepc
 .sbss.d_mcause
                0x0000000020000094        0x4 CMakeFiles/CH32V307.elf.dir/User/ch32v30x_it.c.obj
                0x0000000020000094                d_mcause
 .sbss.d_mtval  0x0000000020000098        0x4 CMakeFiles/CH32V307.elf.dir/User/ch32v30x_it.c.obj
                0x0000000020000098                d_mtval
 .sbss.__malloc_free_list
                0x000000002000009c        0x4 c:/mounri~1/mounri~1/toolch~1/risc-v~1/bin/../lib/gcc/riscv-none-embed/8.2.0/../../../../riscv-none-embed/lib/rv32imacxw/ilp32\libg_nano.a(lib_a-nano-mallocr.o)
                0x000000002000009c                __malloc_free_list
 .sbss.__malloc_sbrk_start
                0x00000000200000a0        0x4 c:/mounri~1/mounri~1/toolch~1/risc-v~1/bin/../lib/gcc/riscv-none-embed/8.2.0/../../../../riscv-none-embed/lib/rv32imacxw/ilp32\libg_nano.a(lib_a-nano-mallocr.o)
                0x00000000200000a0                __malloc_sbrk_start
 *(.gnu.linkonce.sb.*)
 *(.bss*)
 .bss.core_csr  0x00000000200000a4        0xc CMakeFiles/CH32V307.elf.dir/midware/self_check.c.obj
                0x00000000200000a4                core_csr
 *(.gnu.linkonce.b.*)
 *(COMMON*)
 COMMON         0x00000000200000b0        0x4 c:/mounri~1/mounri~1/toolch~1/risc-v~1/bin/../lib/gcc/riscv-none-embed/8.2.0/../../../../riscv-none-embed/lib/rv32imacxw/ilp32\libg_nano.a(lib_a-reent.o)
                0x00000000200000b0                errno
                0x00000000200000b4                . = ALIGN (0x4)
                0x00000000200000b4                PROVIDE (_ebss = .)
                0x00000000200000b4                PROVIDE (_end = _ebss)
                [!provide]                        PROVIDE (end = .)

.stack          0x000000002001f800      0x800
                0x000000002001f800                PROVIDE (_heap_end = .)
                0x000000002001f800                . = ALIGN (0x4)
                [!provide]                        PROVIDE (_susrstack = .)
                0x0000000020020000                . = (. + __stack_size)
 *fill*         0x000000002001f800      0x800 
                0x0000000020020000                PROVIDE (_eusrstack = .)
OUTPUT(CH32V307.elf elf32-littleriscv)

.debug_info     0x0000000000000000     0x8f62
 .debug_info    0x0000000000000000      0x73b CMakeFiles/CH32V307.elf.dir/Core/core_riscv.c.obj
 .debug_info    0x000000000000073b      0xc24 CMakeFiles/CH32V307.elf.dir/Debug/debug.c.obj
 .debug_info    0x000000000000135f     0x1131 CMakeFiles/CH32V307.elf.dir/Peripheral/src/ch32v30x_gpio.c.obj
 .debug_info    0x0000000000002490     0x1760 CMakeFiles/CH32V307.elf.dir/Peripheral/src/ch32v30x_rcc.c.obj
 .debug_info    0x0000000000003bf0     0x14b7 CMakeFiles/CH32V307.elf.dir/Peripheral/src/ch32v30x_usart.c.obj
 .debug_info    0x00000000000050a7       0x22 CMakeFiles/CH32V307.elf.dir/Startup/startup_ch32v30x_D8C.S.obj
 .debug_info    0x00000000000050c9      0xfe1 CMakeFiles/CH32V307.elf.dir/User/ch32v30x_it.c.obj
 .debug_info    0x00000000000060aa      0xd4d CMakeFiles/CH32V307.elf.dir/User/main.c.obj
 .debug_info    0x0000000000006df7      0xf5b CMakeFiles/CH32V307.elf.dir/User/system_ch32v30x.c.obj
 .debug_info    0x0000000000007d52     0x1210 CMakeFiles/CH32V307.elf.dir/midware/self_check.c.obj

.debug_abbrev   0x0000000000000000     0x14da
 .debug_abbrev  0x0000000000000000      0x10f CMakeFiles/CH32V307.elf.dir/Core/core_riscv.c.obj
 .debug_abbrev  0x000000000000010f      0x255 CMakeFiles/CH32V307.elf.dir/Debug/debug.c.obj
 .debug_abbrev  0x0000000000000364      0x2b9 CMakeFiles/CH32V307.elf.dir/Peripheral/src/ch32v30x_gpio.c.obj
 .debug_abbrev  0x000000000000061d      0x2da CMakeFiles/CH32V307.elf.dir/Peripheral/src/ch32v30x_rcc.c.obj
 .debug_abbrev  0x00000000000008f7      0x2a2 CMakeFiles/CH32V307.elf.dir/Peripheral/src/ch32v30x_usart.c.obj
 .debug_abbrev  0x0000000000000b99       0x12 CMakeFiles/CH32V307.elf.dir/Startup/startup_ch32v30x_D8C.S.obj
 .debug_abbrev  0x0000000000000bab      0x228 CMakeFiles/CH32V307.elf.dir/User/ch32v30x_it.c.obj
 .debug_abbrev  0x0000000000000dd3      0x1f6 CMakeFiles/CH32V307.elf.dir/User/main.c.obj
 .debug_abbrev  0x0000000000000fc9      0x29a CMakeFiles/CH32V307.elf.dir/User/system_ch32v30x.c.obj
 .debug_abbrev  0x0000000000001263      0x277 CMakeFiles/CH32V307.elf.dir/midware/self_check.c.obj

.debug_loc      0x0000000000000000     0x2163
 .debug_loc     0x0000000000000000      0x818 CMakeFiles/CH32V307.elf.dir/Core/core_riscv.c.obj
 .debug_loc     0x0000000000000818       0x70 CMakeFiles/CH32V307.elf.dir/Debug/debug.c.obj
 .debug_loc     0x0000000000000888      0x3f1 CMakeFiles/CH32V307.elf.dir/Peripheral/src/ch32v30x_gpio.c.obj
 .debug_loc     0x0000000000000c79      0xaf1 CMakeFiles/CH32V307.elf.dir/Peripheral/src/ch32v30x_rcc.c.obj
 .debug_loc     0x000000000000176a      0x659 CMakeFiles/CH32V307.elf.dir/Peripheral/src/ch32v30x_usart.c.obj
 .debug_loc     0x0000000000001dc3       0xd4 CMakeFiles/CH32V307.elf.dir/User/ch32v30x_it.c.obj
 .debug_loc     0x0000000000001e97       0x9c CMakeFiles/CH32V307.elf.dir/User/main.c.obj
 .debug_loc     0x0000000000001f33      0x118 CMakeFiles/CH32V307.elf.dir/User/system_ch32v30x.c.obj
 .debug_loc     0x000000000000204b      0x118 CMakeFiles/CH32V307.elf.dir/midware/self_check.c.obj

.debug_aranges  0x0000000000000000      0x5d0
 .debug_aranges
                0x0000000000000000      0x140 CMakeFiles/CH32V307.elf.dir/Core/core_riscv.c.obj
 .debug_aranges
                0x0000000000000140       0x28 CMakeFiles/CH32V307.elf.dir/Debug/debug.c.obj
 .debug_aranges
                0x0000000000000168       0xa8 CMakeFiles/CH32V307.elf.dir/Peripheral/src/ch32v30x_gpio.c.obj
 .debug_aranges
                0x0000000000000210      0x1a8 CMakeFiles/CH32V307.elf.dir/Peripheral/src/ch32v30x_rcc.c.obj
 .debug_aranges
                0x00000000000003b8      0x100 CMakeFiles/CH32V307.elf.dir/Peripheral/src/ch32v30x_usart.c.obj
 .debug_aranges
                0x00000000000004b8       0x30 CMakeFiles/CH32V307.elf.dir/Startup/startup_ch32v30x_D8C.S.obj
 .debug_aranges
                0x00000000000004e8       0x38 CMakeFiles/CH32V307.elf.dir/User/ch32v30x_it.c.obj
 .debug_aranges
                0x0000000000000520       0x30 CMakeFiles/CH32V307.elf.dir/User/main.c.obj
 .debug_aranges
                0x0000000000000550       0x40 CMakeFiles/CH32V307.elf.dir/User/system_ch32v30x.c.obj
 .debug_aranges
                0x0000000000000590       0x40 CMakeFiles/CH32V307.elf.dir/midware/self_check.c.obj

.debug_ranges   0x0000000000000000      0x538
 .debug_ranges  0x0000000000000000      0x130 CMakeFiles/CH32V307.elf.dir/Core/core_riscv.c.obj
 .debug_ranges  0x0000000000000130       0x18 CMakeFiles/CH32V307.elf.dir/Debug/debug.c.obj
 .debug_ranges  0x0000000000000148       0x98 CMakeFiles/CH32V307.elf.dir/Peripheral/src/ch32v30x_gpio.c.obj
 .debug_ranges  0x00000000000001e0      0x198 CMakeFiles/CH32V307.elf.dir/Peripheral/src/ch32v30x_rcc.c.obj
 .debug_ranges  0x0000000000000378       0xf0 CMakeFiles/CH32V307.elf.dir/Peripheral/src/ch32v30x_usart.c.obj
 .debug_ranges  0x0000000000000468       0x28 CMakeFiles/CH32V307.elf.dir/Startup/startup_ch32v30x_D8C.S.obj
 .debug_ranges  0x0000000000000490       0x28 CMakeFiles/CH32V307.elf.dir/User/ch32v30x_it.c.obj
 .debug_ranges  0x00000000000004b8       0x20 CMakeFiles/CH32V307.elf.dir/User/main.c.obj
 .debug_ranges  0x00000000000004d8       0x30 CMakeFiles/CH32V307.elf.dir/User/system_ch32v30x.c.obj
 .debug_ranges  0x0000000000000508       0x30 CMakeFiles/CH32V307.elf.dir/midware/self_check.c.obj

.debug_line     0x0000000000000000     0x4c6c
 .debug_line    0x0000000000000000      0x6bc CMakeFiles/CH32V307.elf.dir/Core/core_riscv.c.obj
 .debug_line    0x00000000000006bc      0x32a CMakeFiles/CH32V307.elf.dir/Debug/debug.c.obj
 .debug_line    0x00000000000009e6      0xaf3 CMakeFiles/CH32V307.elf.dir/Peripheral/src/ch32v30x_gpio.c.obj
 .debug_line    0x00000000000014d9     0x13b0 CMakeFiles/CH32V307.elf.dir/Peripheral/src/ch32v30x_rcc.c.obj
 .debug_line    0x0000000000002889      0xd27 CMakeFiles/CH32V307.elf.dir/Peripheral/src/ch32v30x_usart.c.obj
 .debug_line    0x00000000000035b0      0x37b CMakeFiles/CH32V307.elf.dir/Startup/startup_ch32v30x_D8C.S.obj
 .debug_line    0x000000000000392b      0x34f CMakeFiles/CH32V307.elf.dir/User/ch32v30x_it.c.obj
 .debug_line    0x0000000000003c7a      0x33c CMakeFiles/CH32V307.elf.dir/User/main.c.obj
 .debug_line    0x0000000000003fb6      0x65c CMakeFiles/CH32V307.elf.dir/User/system_ch32v30x.c.obj
 .debug_line    0x0000000000004612      0x65a CMakeFiles/CH32V307.elf.dir/midware/self_check.c.obj

.debug_str      0x0000000000000000     0x2042
 .debug_str     0x0000000000000000      0x362 CMakeFiles/CH32V307.elf.dir/Core/core_riscv.c.obj
                                        0x3ac (size before relaxing)
 .debug_str     0x0000000000000362      0x4af CMakeFiles/CH32V307.elf.dir/Debug/debug.c.obj
                                        0x68b (size before relaxing)
 .debug_str     0x0000000000000811      0x3d7 CMakeFiles/CH32V307.elf.dir/Peripheral/src/ch32v30x_gpio.c.obj
                                        0x996 (size before relaxing)
 .debug_str     0x0000000000000be8      0x6ea CMakeFiles/CH32V307.elf.dir/Peripheral/src/ch32v30x_rcc.c.obj
                                        0xd1c (size before relaxing)
 .debug_str     0x00000000000012d2      0x421 CMakeFiles/CH32V307.elf.dir/Peripheral/src/ch32v30x_usart.c.obj
                                        0xb13 (size before relaxing)
 .debug_str     0x00000000000016f3       0x53 CMakeFiles/CH32V307.elf.dir/Startup/startup_ch32v30x_D8C.S.obj
                                         0x8d (size before relaxing)
 .debug_str     0x0000000000001746      0x653 CMakeFiles/CH32V307.elf.dir/User/ch32v30x_it.c.obj
                                        0xc4e (size before relaxing)
 .debug_str     0x0000000000001d99      0x148 CMakeFiles/CH32V307.elf.dir/User/main.c.obj
                                        0x751 (size before relaxing)
 .debug_str     0x0000000000001ee1       0xb0 CMakeFiles/CH32V307.elf.dir/User/system_ch32v30x.c.obj
                                        0x948 (size before relaxing)
 .debug_str     0x0000000000001f91       0xb1 CMakeFiles/CH32V307.elf.dir/midware/self_check.c.obj
                                        0xd56 (size before relaxing)

.comment        0x0000000000000000       0x33
 .comment       0x0000000000000000       0x33 CMakeFiles/CH32V307.elf.dir/Core/core_riscv.c.obj
                                         0x34 (size before relaxing)
 .comment       0x0000000000000033       0x34 CMakeFiles/CH32V307.elf.dir/Debug/debug.c.obj
 .comment       0x0000000000000033       0x34 CMakeFiles/CH32V307.elf.dir/Peripheral/src/ch32v30x_gpio.c.obj
 .comment       0x0000000000000033       0x34 CMakeFiles/CH32V307.elf.dir/Peripheral/src/ch32v30x_rcc.c.obj
 .comment       0x0000000000000033       0x34 CMakeFiles/CH32V307.elf.dir/Peripheral/src/ch32v30x_usart.c.obj
 .comment       0x0000000000000033       0x34 CMakeFiles/CH32V307.elf.dir/User/ch32v30x_it.c.obj
 .comment       0x0000000000000033       0x34 CMakeFiles/CH32V307.elf.dir/User/main.c.obj
 .comment       0x0000000000000033       0x34 CMakeFiles/CH32V307.elf.dir/User/system_ch32v30x.c.obj
 .comment       0x0000000000000033       0x34 CMakeFiles/CH32V307.elf.dir/midware/self_check.c.obj

.debug_frame    0x0000000000000000     0x1da4
 .debug_frame   0x0000000000000000      0x4b0 CMakeFiles/CH32V307.elf.dir/Core/core_riscv.c.obj
 .debug_frame   0x00000000000004b0       0x54 CMakeFiles/CH32V307.elf.dir/Debug/debug.c.obj
 .debug_frame   0x0000000000000504      0x260 CMakeFiles/CH32V307.elf.dir/Peripheral/src/ch32v30x_gpio.c.obj
 .debug_frame   0x0000000000000764      0x658 CMakeFiles/CH32V307.elf.dir/Peripheral/src/ch32v30x_rcc.c.obj
 .debug_frame   0x0000000000000dbc      0x3c0 CMakeFiles/CH32V307.elf.dir/Peripheral/src/ch32v30x_usart.c.obj
 .debug_frame   0x000000000000117c       0x8c CMakeFiles/CH32V307.elf.dir/User/ch32v30x_it.c.obj
 .debug_frame   0x0000000000001208       0x6c CMakeFiles/CH32V307.elf.dir/User/main.c.obj
 .debug_frame   0x0000000000001274       0xc4 CMakeFiles/CH32V307.elf.dir/User/system_ch32v30x.c.obj
 .debug_frame   0x0000000000001338       0xbc CMakeFiles/CH32V307.elf.dir/midware/self_check.c.obj
 .debug_frame   0x00000000000013f4       0x54 c:/mounri~1/mounri~1/toolch~1/risc-v~1/bin/../lib/gcc/riscv-none-embed/8.2.0/../../../../riscv-none-embed/lib/rv32imacxw/ilp32\libg_nano.a(lib_a-printf.o)
 .debug_frame   0x0000000000001448       0x50 c:/mounri~1/mounri~1/toolch~1/risc-v~1/bin/../lib/gcc/riscv-none-embed/8.2.0/../../../../riscv-none-embed/lib/rv32imacxw/ilp32\libg_nano.a(lib_a-putchar.o)
 .debug_frame   0x0000000000001498       0x54 c:/mounri~1/mounri~1/toolch~1/risc-v~1/bin/../lib/gcc/riscv-none-embed/8.2.0/../../../../riscv-none-embed/lib/rv32imacxw/ilp32\libg_nano.a(lib_a-puts.o)
 .debug_frame   0x00000000000014ec       0x50 c:/mounri~1/mounri~1/toolch~1/risc-v~1/bin/../lib/gcc/riscv-none-embed/8.2.0/../../../../riscv-none-embed/lib/rv32imacxw/ilp32\libg_nano.a(lib_a-wbuf.o)
 .debug_frame   0x000000000000153c       0x3c c:/mounri~1/mounri~1/toolch~1/risc-v~1/bin/../lib/gcc/riscv-none-embed/8.2.0/../../../../riscv-none-embed/lib/rv32imacxw/ilp32\libg_nano.a(lib_a-wsetup.o)
 .debug_frame   0x0000000000001578       0x7c c:/mounri~1/mounri~1/toolch~1/risc-v~1/bin/../lib/gcc/riscv-none-embed/8.2.0/../../../../riscv-none-embed/lib/rv32imacxw/ilp32\libg_nano.a(lib_a-fflush.o)
 .debug_frame   0x00000000000015f4      0x148 c:/mounri~1/mounri~1/toolch~1/risc-v~1/bin/../lib/gcc/riscv-none-embed/8.2.0/../../../../riscv-none-embed/lib/rv32imacxw/ilp32\libg_nano.a(lib_a-findfp.o)
 .debug_frame   0x000000000000173c       0x88 c:/mounri~1/mounri~1/toolch~1/risc-v~1/bin/../lib/gcc/riscv-none-embed/8.2.0/../../../../riscv-none-embed/lib/rv32imacxw/ilp32\libg_nano.a(lib_a-fwalk.o)
 .debug_frame   0x00000000000017c4       0x64 c:/mounri~1/mounri~1/toolch~1/risc-v~1/bin/../lib/gcc/riscv-none-embed/8.2.0/../../../../riscv-none-embed/lib/rv32imacxw/ilp32\libg_nano.a(lib_a-makebuf.o)
 .debug_frame   0x0000000000001828       0x40 c:/mounri~1/mounri~1/toolch~1/risc-v~1/bin/../lib/gcc/riscv-none-embed/8.2.0/../../../../riscv-none-embed/lib/rv32imacxw/ilp32\libg_nano.a(lib_a-nano-freer.o)
 .debug_frame   0x0000000000001868       0x40 c:/mounri~1/mounri~1/toolch~1/risc-v~1/bin/../lib/gcc/riscv-none-embed/8.2.0/../../../../riscv-none-embed/lib/rv32imacxw/ilp32\libg_nano.a(lib_a-nano-mallocr.o)
 .debug_frame   0x00000000000018a8       0xd0 c:/mounri~1/mounri~1/toolch~1/risc-v~1/bin/../lib/gcc/riscv-none-embed/8.2.0/../../../../riscv-none-embed/lib/rv32imacxw/ilp32\libg_nano.a(lib_a-nano-vfprintf.o)
 .debug_frame   0x0000000000001978       0x8c c:/mounri~1/mounri~1/toolch~1/risc-v~1/bin/../lib/gcc/riscv-none-embed/8.2.0/../../../../riscv-none-embed/lib/rv32imacxw/ilp32\libg_nano.a(lib_a-nano-vfprintf_i.o)
 .debug_frame   0x0000000000001a04       0x4c c:/mounri~1/mounri~1/toolch~1/risc-v~1/bin/../lib/gcc/riscv-none-embed/8.2.0/../../../../riscv-none-embed/lib/rv32imacxw/ilp32\libg_nano.a(lib_a-putc.o)
 .debug_frame   0x0000000000001a50       0x30 c:/mounri~1/mounri~1/toolch~1/risc-v~1/bin/../lib/gcc/riscv-none-embed/8.2.0/../../../../riscv-none-embed/lib/rv32imacxw/ilp32\libg_nano.a(lib_a-sbrkr.o)
 .debug_frame   0x0000000000001a80       0xa4 c:/mounri~1/mounri~1/toolch~1/risc-v~1/bin/../lib/gcc/riscv-none-embed/8.2.0/../../../../riscv-none-embed/lib/rv32imacxw/ilp32\libg_nano.a(lib_a-stdio.o)
 .debug_frame   0x0000000000001b24       0x30 c:/mounri~1/mounri~1/toolch~1/risc-v~1/bin/../lib/gcc/riscv-none-embed/8.2.0/../../../../riscv-none-embed/lib/rv32imacxw/ilp32\libg_nano.a(lib_a-writer.o)
 .debug_frame   0x0000000000001b54       0x30 c:/mounri~1/mounri~1/toolch~1/risc-v~1/bin/../lib/gcc/riscv-none-embed/8.2.0/../../../../riscv-none-embed/lib/rv32imacxw/ilp32\libg_nano.a(lib_a-closer.o)
 .debug_frame   0x0000000000001b84       0x30 c:/mounri~1/mounri~1/toolch~1/risc-v~1/bin/../lib/gcc/riscv-none-embed/8.2.0/../../../../riscv-none-embed/lib/rv32imacxw/ilp32\libg_nano.a(lib_a-fstatr.o)
 .debug_frame   0x0000000000001bb4       0x30 c:/mounri~1/mounri~1/toolch~1/risc-v~1/bin/../lib/gcc/riscv-none-embed/8.2.0/../../../../riscv-none-embed/lib/rv32imacxw/ilp32\libg_nano.a(lib_a-isattyr.o)
 .debug_frame   0x0000000000001be4       0x30 c:/mounri~1/mounri~1/toolch~1/risc-v~1/bin/../lib/gcc/riscv-none-embed/8.2.0/../../../../riscv-none-embed/lib/rv32imacxw/ilp32\libg_nano.a(lib_a-lseekr.o)
 .debug_frame   0x0000000000001c14       0x20 c:/mounri~1/mounri~1/toolch~1/risc-v~1/bin/../lib/gcc/riscv-none-embed/8.2.0/../../../../riscv-none-embed/lib/rv32imacxw/ilp32\libg_nano.a(lib_a-memchr.o)
 .debug_frame   0x0000000000001c34       0x30 c:/mounri~1/mounri~1/toolch~1/risc-v~1/bin/../lib/gcc/riscv-none-embed/8.2.0/../../../../riscv-none-embed/lib/rv32imacxw/ilp32\libg_nano.a(lib_a-mlock.o)
 .debug_frame   0x0000000000001c64       0x30 c:/mounri~1/mounri~1/toolch~1/risc-v~1/bin/../lib/gcc/riscv-none-embed/8.2.0/../../../../riscv-none-embed/lib/rv32imacxw/ilp32\libg_nano.a(lib_a-readr.o)
 .debug_frame   0x0000000000001c94       0x70 c:/mounri~1/mounri~1/toolch~1/risc-v~1/bin/../lib/gcc/riscv-none-embed/8.2.0/../../../../riscv-none-embed/lib/rv32imacxw/ilp32\libg_nano.a(lib_a-reent.o)
 .debug_frame   0x0000000000001d04       0x20 c:/mounri~1/mounri~1/toolch~1/risc-v~1/bin/../lib/gcc/riscv-none-embed/8.2.0/../../../../riscv-none-embed/lib/rv32imacxw/ilp32\libnosys.a(close.o)
 .debug_frame   0x0000000000001d24       0x20 c:/mounri~1/mounri~1/toolch~1/risc-v~1/bin/../lib/gcc/riscv-none-embed/8.2.0/../../../../riscv-none-embed/lib/rv32imacxw/ilp32\libnosys.a(fstat.o)
 .debug_frame   0x0000000000001d44       0x20 c:/mounri~1/mounri~1/toolch~1/risc-v~1/bin/../lib/gcc/riscv-none-embed/8.2.0/../../../../riscv-none-embed/lib/rv32imacxw/ilp32\libnosys.a(isatty.o)
 .debug_frame   0x0000000000001d64       0x20 c:/mounri~1/mounri~1/toolch~1/risc-v~1/bin/../lib/gcc/riscv-none-embed/8.2.0/../../../../riscv-none-embed/lib/rv32imacxw/ilp32\libnosys.a(lseek.o)
 .debug_frame   0x0000000000001d84       0x20 c:/mounri~1/mounri~1/toolch~1/risc-v~1/bin/../lib/gcc/riscv-none-embed/8.2.0/../../../../riscv-none-embed/lib/rv32imacxw/ilp32\libnosys.a(read.o)

.stab           0x0000000000000000       0x84
 .stab          0x0000000000000000       0x24 c:/mounri~1/mounri~1/toolch~1/risc-v~1/bin/../lib/gcc/riscv-none-embed/8.2.0/../../../../riscv-none-embed/lib/rv32imacxw/ilp32\libnosys.a(close.o)
 .stab          0x0000000000000024       0x18 c:/mounri~1/mounri~1/toolch~1/risc-v~1/bin/../lib/gcc/riscv-none-embed/8.2.0/../../../../riscv-none-embed/lib/rv32imacxw/ilp32\libnosys.a(fstat.o)
                                         0x24 (size before relaxing)
 .stab          0x000000000000003c       0x18 c:/mounri~1/mounri~1/toolch~1/risc-v~1/bin/../lib/gcc/riscv-none-embed/8.2.0/../../../../riscv-none-embed/lib/rv32imacxw/ilp32\libnosys.a(isatty.o)
                                         0x24 (size before relaxing)
 .stab          0x0000000000000054       0x18 c:/mounri~1/mounri~1/toolch~1/risc-v~1/bin/../lib/gcc/riscv-none-embed/8.2.0/../../../../riscv-none-embed/lib/rv32imacxw/ilp32\libnosys.a(lseek.o)
                                         0x24 (size before relaxing)
 .stab          0x000000000000006c       0x18 c:/mounri~1/mounri~1/toolch~1/risc-v~1/bin/../lib/gcc/riscv-none-embed/8.2.0/../../../../riscv-none-embed/lib/rv32imacxw/ilp32\libnosys.a(read.o)
                                         0x24 (size before relaxing)

.stabstr        0x0000000000000000      0x117
 .stabstr       0x0000000000000000      0x117 c:/mounri~1/mounri~1/toolch~1/risc-v~1/bin/../lib/gcc/riscv-none-embed/8.2.0/../../../../riscv-none-embed/lib/rv32imacxw/ilp32\libnosys.a(close.o)
